label_entry
in:
arg0 
out:
arg0 
label_ret
in:
op24 
out:

label4
in:
arg0 op11 
out:
op23 
label9
in:
op23 
out:
op11 
label12
in:
op23 
out:
op23 
label13
in:
op20 op23 
out:
op24 
label18
in:
op24 
out:
op20 
label_entry
in:
arg0 arg1 arg2 
out:
arg0 arg1 arg2 
label_ret
in:
arg1 arg2 op160 op163 op166 op22 
out:

label18
in:
arg1 arg2 
out:
op22 
label23
in:
arg0 arg1 arg2 
out:
arg0 arg1 arg2 
label28
in:
arg1 arg2 
out:
arg1 arg2 
label29
in:
arg0 arg1 arg2 
out:
arg0 arg1 arg2 
label34
in:
arg1 arg2 op161 op62 
out:
arg1 arg2 op159 op160 
label39
in:
arg1 arg2 op159 op160 
out:
arg1 arg2 op159 op160 
label51
in:
op160 
out:
op160 
label53
in:
arg1 arg2 op159 op160 
out:
arg1 arg2 op159 op55 
label56
in:
arg1 arg2 op159 op160 
out:
arg1 arg2 op159 op59 
label60
in:
arg1 arg2 op159 op55 op59 
out:
arg1 arg2 op161 op62 
label63
in:
arg1 arg2 
out:
arg1 arg2 
label69
in:
arg0 arg1 arg2 
out:
arg0 arg1 arg2 
label74
in:
arg1 
out:
arg1 
label76
in:
arg2 
out:
arg2 
label78
in:
arg1 arg2 
out:
arg1 arg2 
label79
in:
arg0 arg1 arg2 
out:
arg1 arg2 
label84
in:
arg1 arg2 op108 op164 
out:
arg1 arg2 op162 op163 
label89
in:
arg1 arg2 op162 op163 
out:
arg1 arg2 op162 op163 
label97
in:
op163 
out:
op163 
label99
in:
arg1 arg2 op162 op163 
out:
arg1 arg2 op102 op162 
label103
in:
arg1 arg2 op162 op163 
out:
arg1 arg2 op105 op162 
label106
in:
arg1 arg2 op102 op105 op162 
out:
arg1 arg2 op108 op164 
label109
in:
arg1 arg2 op162 op163 
out:
arg1 arg2 op162 op163 
label117
in:
arg1 arg2 
out:
arg1 arg2 
label118
in:

out:

label119
in:
arg1 arg2 op143 op167 
out:
arg1 arg2 op165 op166 
label124
in:
arg1 arg2 op165 op166 
out:
arg1 arg2 op165 op166 
label132
in:
op166 
out:
op166 
label134
in:
arg1 arg2 op165 op166 
out:
arg1 arg2 op137 op165 
label138
in:
arg1 arg2 op165 op166 
out:
arg1 arg2 op140 op165 
label141
in:
arg1 arg2 op137 op140 op165 
out:
arg1 arg2 op143 op167 
label144
in:
arg1 arg2 op165 op166 
out:
arg1 arg2 op165 op166 
label_entry
in:
arg0 arg1 arg2 arg3 arg4 
out:
arg0 arg1 arg2 arg3 arg4 
label_ret
in:
op25 
out:

label16
in:

out:

label17
in:
arg0 arg2 arg3 arg4 
out:
op25 
label26
in:
arg0 arg2 arg3 arg4 
out:
arg0 arg2 arg3 arg4 
label32
in:
arg0 arg1 arg2 arg3 arg4 
out:
arg0 arg2 arg3 arg4 
label38
in:
arg0 arg1 arg2 arg3 arg4 
out:
arg0 arg1 arg2 arg3 arg4 
label_entry
in:
arg0 arg1 arg2 arg3 arg4 arg5 
out:
arg0 arg1 arg2 arg3 arg4 arg5 
label_ret
in:

out:

label19
in:
arg0 arg1 arg2 arg3 arg4 arg5 op36 
out:
arg0 arg1 arg2 arg3 arg4 arg5 op114 
label23
in:
arg0 arg1 arg2 arg3 arg4 arg5 op114 
out:
arg0 arg1 arg2 arg3 arg4 arg5 op114 
label24
in:

out:

label25
in:
arg0 arg1 arg2 arg3 arg4 arg5 op114 op61 
out:
arg0 arg1 arg2 arg3 arg4 arg5 op114 op123 
label29
in:
arg0 arg1 arg2 arg3 arg4 arg5 op114 op123 
out:
arg0 arg1 arg2 arg3 arg4 arg5 op114 op123 op33 
label34
in:
arg0 arg1 arg2 arg3 arg4 arg5 op114 
out:
arg0 arg1 arg2 arg3 arg4 arg5 op36 
label42
in:
arg0 arg1 arg2 arg3 arg4 arg5 op114 op123 op136 op33 op93 
out:
arg0 arg1 arg2 arg3 arg4 arg5 op114 op123 op128 op130 
label46
in:
arg0 arg1 arg2 arg3 arg4 arg5 op114 op123 op128 op130 
out:
arg0 arg1 arg2 arg3 arg4 arg5 op114 op123 op128 op130 op50 
label51
in:
arg0 arg1 arg2 arg3 arg4 arg5 op114 op123 op128 op136 
out:
arg0 arg1 arg2 arg3 arg4 arg5 op114 op61 
label67
in:
arg0 arg1 arg2 arg3 arg4 arg5 op114 op123 op128 op130 op50 op80 op82 
out:
arg0 arg1 arg2 arg3 arg4 arg5 op114 op123 op130 op134 op135 
label71
in:
arg0 arg1 arg2 arg3 arg4 arg5 op114 op123 op130 op134 op135 
out:
arg0 arg1 arg2 arg3 arg4 arg5 op114 op123 op130 op80 op82 
label91
in:
arg0 arg1 arg2 arg3 arg4 arg5 op114 op123 op130 op134 op80 
out:
arg0 arg1 arg2 arg3 arg4 arg5 op114 op123 op136 op93 
label102
in:
arg0 arg1 arg2 arg3 arg4 arg5 op114 op123 op130 op80 
out:
arg0 arg1 arg2 arg3 arg4 arg5 op114 op123 op130 op80 
label103
in:
arg0 arg1 arg2 arg3 arg4 arg5 op114 op123 op130 op80 op82 
out:
arg0 arg1 arg2 arg3 arg4 arg5 op114 op123 op130 op80 op82 
label104
in:
arg0 arg1 arg2 arg3 arg4 arg5 op114 op123 op136 
out:
arg0 arg1 arg2 arg3 arg4 arg5 op114 op123 op136 
label105
in:
arg0 arg1 arg2 arg3 arg4 arg5 op114 op123 op136 op93 
out:
arg0 arg1 arg2 arg3 arg4 arg5 op114 op123 op136 op93 
label106
in:
arg0 arg1 arg2 arg3 arg4 arg5 op114 
out:
arg0 arg1 arg2 arg3 arg4 arg5 op114 
label107
in:
arg0 arg1 arg2 arg3 arg4 arg5 op114 op61 
out:
arg0 arg1 arg2 arg3 arg4 arg5 op114 op61 
label108
in:

out:

label109
in:
arg0 arg1 arg2 arg3 arg4 arg5 op36 
out:
arg0 arg1 arg2 arg3 arg4 arg5 op36 
label_entry
in:
arg0 arg1 arg2 
out:
arg0 arg1 arg2 
label_ret
in:

out:

label7
in:
arg0 arg1 arg2 op22 
out:
arg0 arg1 arg2 op24 
label13
in:
arg0 arg1 arg2 op24 
out:
arg0 arg1 arg2 op22 
label_entry
in:

out:
op11 op2 op4 op6 
label_ret
in:

out:

label14
in:
op11 op2 op36 op4 op6 
out:
op11 op2 op4 op42 op6 
label20
in:
op11 op2 op4 op42 op6 
out:
op11 op2 op36 op4 op6 
label37
in:
op4 op6 
out:

